Archive member included because of file (symbol)

/usr/lib/gcc/avr/4.8.1/avrxmega6/libgcc.a(_exit.o)
                              /usr/lib/gcc/avr/4.8.1/../../../avr/lib/avrxmega6/crtx128d3.o (exit)
/usr/lib/gcc/avr/4.8.1/avrxmega6/libgcc.a(_copy_data.o)
                              objdir/simpleserial-lea.o (__do_copy_data)
/usr/lib/gcc/avr/4.8.1/avrxmega6/libgcc.a(_clear_bss.o)
                              objdir/simpleserial-lea.o (__do_clear_bss)

Allocating common symbols
Common symbol       size              file

asciibuf            0x40              objdir/simpleserial-lea.o
pt                  0x10              objdir/simpleserial-lea.o
memory              0x40              objdir/simpleserial-lea.o
ctx                 0x301             objdir/lea-independant.o

Memory Configuration

Name             Origin             Length             Attributes
text             0x00000000         0x00100000         xr
data             0x00802000         0x0000ffa0         rw !x
eeprom           0x00810000         0x00010000         rw !x
fuse             0x00820000         0x00000400         rw !x
lock             0x00830000         0x00000400         rw !x
signature        0x00840000         0x00000400         rw !x
user_signatures  0x00850000         0x00000400         rw !x
*default*        0x00000000         0xffffffff

Linker script and memory map

LOAD /usr/lib/gcc/avr/4.8.1/../../../avr/lib/avrxmega6/crtx128d3.o
LOAD objdir/simpleserial-lea.o
LOAD objdir/lea-independant.o
LOAD objdir/LEA_driver.o
LOAD objdir/uart.o
LOAD objdir/usart_driver.o
LOAD objdir/xmega_hal.o
LOAD objdir/lea_enc.o
LOAD objdir/lea_keyschedule.o
LOAD objdir/lea128_enc.o
LOAD /usr/lib/gcc/avr/4.8.1/../../../avr/lib/avrxmega6/libm.a
START GROUP
LOAD /usr/lib/gcc/avr/4.8.1/avrxmega6/libgcc.a
LOAD /usr/lib/gcc/avr/4.8.1/../../../avr/lib/avrxmega6/libm.a
LOAD /usr/lib/gcc/avr/4.8.1/../../../avr/lib/avrxmega6/libc.a
END GROUP

.hash
 *(.hash)

.dynsym
 *(.dynsym)

.dynstr
 *(.dynstr)

.gnu.version
 *(.gnu.version)

.gnu.version_d
 *(.gnu.version_d)

.gnu.version_r
 *(.gnu.version_r)

.rel.init
 *(.rel.init)

.rela.init
 *(.rela.init)

.rel.text
 *(.rel.text)
 *(.rel.text.*)
 *(.rel.gnu.linkonce.t*)

.rela.text
 *(.rela.text)
 *(.rela.text.*)
 *(.rela.gnu.linkonce.t*)

.rel.fini
 *(.rel.fini)

.rela.fini
 *(.rela.fini)

.rel.rodata
 *(.rel.rodata)
 *(.rel.rodata.*)
 *(.rel.gnu.linkonce.r*)

.rela.rodata
 *(.rela.rodata)
 *(.rela.rodata.*)
 *(.rela.gnu.linkonce.r*)

.rel.data
 *(.rel.data)
 *(.rel.data.*)
 *(.rel.gnu.linkonce.d*)

.rela.data
 *(.rela.data)
 *(.rela.data.*)
 *(.rela.gnu.linkonce.d*)

.rel.ctors
 *(.rel.ctors)

.rela.ctors
 *(.rela.ctors)

.rel.dtors
 *(.rel.dtors)

.rela.dtors
 *(.rela.dtors)

.rel.got
 *(.rel.got)

.rela.got
 *(.rela.got)

.rel.bss
 *(.rel.bss)

.rela.bss
 *(.rela.bss)

.rel.plt
 *(.rel.plt)

.rela.plt
 *(.rela.plt)

.text           0x00000000     0x8e4e
 *(.vectors)
 .vectors       0x00000000      0x1c8 /usr/lib/gcc/avr/4.8.1/../../../avr/lib/avrxmega6/crtx128d3.o
                0x00000000                __vectors
                0x00000000                __vector_default
 *(.vectors)
 *(.progmem.gcc*)
                0x000001c8                . = ALIGN (0x2)
                0x000001c8                __trampolines_start = .
 *(.trampolines)
 .trampolines   0x000001c8        0x0 linker stubs
 *(.trampolines*)
                0x000001c8                __trampolines_end = .
 *(.progmem*)
                0x000001c8                . = ALIGN (0x2)
 *(.jumptables)
 *(.jumptables*)
 *(.lowtext)
 *(.lowtext*)
                0x000001c8                __ctors_start = .
 *(.ctors)
                0x000001c8                __ctors_end = .
                0x000001c8                __dtors_start = .
 *(.dtors)
                0x000001c8                __dtors_end = .
 SORT(*)(.ctors)
 SORT(*)(.dtors)
 *(.init0)
 .init0         0x000001c8        0x0 /usr/lib/gcc/avr/4.8.1/../../../avr/lib/avrxmega6/crtx128d3.o
                0x000001c8                __init
 *(.init0)
 *(.init1)
 *(.init1)
 *(.init2)
 .init2         0x000001c8       0x10 /usr/lib/gcc/avr/4.8.1/../../../avr/lib/avrxmega6/crtx128d3.o
 *(.init2)
 *(.init3)
 *(.init3)
 *(.init4)
 .init4         0x000001d8       0x1a /usr/lib/gcc/avr/4.8.1/avrxmega6/libgcc.a(_copy_data.o)
                0x000001d8                __do_copy_data
 .init4         0x000001f2       0x10 /usr/lib/gcc/avr/4.8.1/avrxmega6/libgcc.a(_clear_bss.o)
                0x000001f2                __do_clear_bss
 *(.init4)
 *(.init5)
 *(.init5)
 *(.init6)
 *(.init6)
 *(.init7)
 *(.init7)
 *(.init8)
 *(.init8)
 *(.init9)
 .init9         0x00000202        0x8 /usr/lib/gcc/avr/4.8.1/../../../avr/lib/avrxmega6/crtx128d3.o
 *(.init9)
 *(.text)
 .text          0x0000020a        0x4 /usr/lib/gcc/avr/4.8.1/../../../avr/lib/avrxmega6/crtx128d3.o
                0x0000020a                __vector_38
                0x0000020a                __vector_104
                0x0000020a                __vector_22
                0x0000020a                __vector_63
                0x0000020a                __vector_28
                0x0000020a                __vector_67
                0x0000020a                __vector_1
                0x0000020a                __vector_32
                0x0000020a                __vector_75
                0x0000020a                __vector_71
                0x0000020a                __vector_91
                0x0000020a                __vector_34
                0x0000020a                __vector_62
                0x0000020a                __vector_77
                0x0000020a                __vector_102
                0x0000020a                __vector_24
                0x0000020a                __vector_12
                0x0000020a                __vector_55
                0x0000020a                __vector_69
                0x0000020a                __vector_81
                0x0000020a                __vector_90
                0x0000020a                __vector_46
                0x0000020a                __bad_interrupt
                0x0000020a                __vector_72
                0x0000020a                __vector_6
                0x0000020a                __vector_110
                0x0000020a                __vector_31
                0x0000020a                __vector_92
                0x0000020a                __vector_35
                0x0000020a                __vector_78
                0x0000020a                __vector_74
                0x0000020a                __vector_39
                0x0000020a                __vector_107
                0x0000020a                __vector_3
                0x0000020a                __vector_105
                0x0000020a                __vector_98
                0x0000020a                __vector_23
                0x0000020a                __vector_68
                0x0000020a                __vector_30
                0x0000020a                __vector_73
                0x0000020a                __vector_45
                0x0000020a                __vector_25
                0x0000020a                __vector_93
                0x0000020a                __vector_61
                0x0000020a                __vector_11
                0x0000020a                __vector_54
                0x0000020a                __vector_99
                0x0000020a                __vector_13
                0x0000020a                __vector_17
                0x0000020a                __vector_19
                0x0000020a                __vector_56
                0x0000020a                __vector_7
                0x0000020a                __vector_49
                0x0000020a                __vector_41
                0x0000020a                __vector_86
                0x0000020a                __vector_100
                0x0000020a                __vector_101
                0x0000020a                __vector_64
                0x0000020a                __vector_88
                0x0000020a                __vector_109
                0x0000020a                __vector_43
                0x0000020a                __vector_27
                0x0000020a                __vector_5
                0x0000020a                __vector_113
                0x0000020a                __vector_33
                0x0000020a                __vector_76
                0x0000020a                __vector_47
                0x0000020a                __vector_52
                0x0000020a                __vector_37
                0x0000020a                __vector_95
                0x0000020a                __vector_103
                0x0000020a                __vector_96
                0x0000020a                __vector_89
                0x0000020a                __vector_108
                0x0000020a                __vector_4
                0x0000020a                __vector_44
                0x0000020a                __vector_82
                0x0000020a                __vector_106
                0x0000020a                __vector_51
                0x0000020a                __vector_9
                0x0000020a                __vector_2
                0x0000020a                __vector_21
                0x0000020a                __vector_15
                0x0000020a                __vector_66
                0x0000020a                __vector_36
                0x0000020a                __vector_79
                0x0000020a                __vector_58
                0x0000020a                __vector_70
                0x0000020a                __vector_83
                0x0000020a                __vector_29
                0x0000020a                __vector_60
                0x0000020a                __vector_40
                0x0000020a                __vector_85
                0x0000020a                __vector_94
                0x0000020a                __vector_8
                0x0000020a                __vector_26
                0x0000020a                __vector_48
                0x0000020a                __vector_112
                0x0000020a                __vector_111
                0x0000020a                __vector_80
                0x0000020a                __vector_14
                0x0000020a                __vector_84
                0x0000020a                __vector_57
                0x0000020a                __vector_53
                0x0000020a                __vector_10
                0x0000020a                __vector_50
                0x0000020a                __vector_16
                0x0000020a                __vector_59
                0x0000020a                __vector_18
                0x0000020a                __vector_97
                0x0000020a                __vector_20
                0x0000020a                __vector_42
                0x0000020a                __vector_87
                0x0000020a                __vector_65
 .text          0x0000020e       0xb0 objdir/simpleserial-lea.o
                0x0000020e                hex_decode
                0x00000264                hex_print
 .text          0x000002be       0x14 objdir/lea-independant.o
                0x000002be                lea_indep_init
                0x000002c0                lea_indep_key
                0x000002ca                lea_indep_enc
 .text          0x000002d2        0x0 objdir/LEA_driver.o
 .text          0x000002d2       0x88 objdir/uart.o
                0x000002d2                init_uart0
                0x000002fa                input_ch_w_timeout_0
                0x0000033e                input_ch_0
                0x0000034c                output_ch_0
 .text          0x0000035a      0x134 objdir/usart_driver.o
                0x0000035a                USART_InterruptDriver_Initialize
                0x0000036c                USART_InterruptDriver_DreInterruptLevel_Set
                0x00000372                USART_TXBuffer_FreeSpace
                0x00000386                USART_TXBuffer_PutByte
                0x000003d8                USART_RXBufferData_Available
                0x000003e8                USART_RXBuffer_GetByte
                0x00000400                USART_RXComplete
                0x0000042a                USART_DataRegEmpty
                0x00000464                USART_NineBits_PutChar
                0x00000478                USART_NineBits_GetChar
 .text          0x0000048e       0x36 objdir/xmega_hal.o
                0x0000048e                platform_init
 .text          0x000004c4     0x1b22 objdir/lea_enc.o
                0x000004c4                lea_encrypt_core
 .text          0x00001fe6     0x6d74 objdir/lea_keyschedule.o
                0x00001fe6                lea_init
                0x00008d36                lea128_init
                0x00008d42                lea192_init
                0x00008d4e                lea256_init
 .text          0x00008d5a        0x4 objdir/lea128_enc.o
                0x00008d5a                lea128_enc
 .text          0x00008d5e        0x0 /usr/lib/gcc/avr/4.8.1/avrxmega6/libgcc.a(_exit.o)
 .text          0x00008d5e        0x0 /usr/lib/gcc/avr/4.8.1/avrxmega6/libgcc.a(_copy_data.o)
 .text          0x00008d5e        0x0 /usr/lib/gcc/avr/4.8.1/avrxmega6/libgcc.a(_clear_bss.o)
                0x00008d5e                . = ALIGN (0x2)
 *(.text.*)
 .text.startup  0x00008d5e       0xec objdir/simpleserial-lea.o
                0x00008d5e                main
 .text.libgcc.mul
                0x00008e4a        0x0 /usr/lib/gcc/avr/4.8.1/avrxmega6/libgcc.a(_exit.o)
 .text.libgcc.div
                0x00008e4a        0x0 /usr/lib/gcc/avr/4.8.1/avrxmega6/libgcc.a(_exit.o)
 .text.libgcc   0x00008e4a        0x0 /usr/lib/gcc/avr/4.8.1/avrxmega6/libgcc.a(_exit.o)
 .text.libgcc.prologue
                0x00008e4a        0x0 /usr/lib/gcc/avr/4.8.1/avrxmega6/libgcc.a(_exit.o)
 .text.libgcc.builtins
                0x00008e4a        0x0 /usr/lib/gcc/avr/4.8.1/avrxmega6/libgcc.a(_exit.o)
 .text.libgcc.fmul
                0x00008e4a        0x0 /usr/lib/gcc/avr/4.8.1/avrxmega6/libgcc.a(_exit.o)
 .text.libgcc.fixed
                0x00008e4a        0x0 /usr/lib/gcc/avr/4.8.1/avrxmega6/libgcc.a(_exit.o)
 .text.libgcc.mul
                0x00008e4a        0x0 /usr/lib/gcc/avr/4.8.1/avrxmega6/libgcc.a(_copy_data.o)
 .text.libgcc.div
                0x00008e4a        0x0 /usr/lib/gcc/avr/4.8.1/avrxmega6/libgcc.a(_copy_data.o)
 .text.libgcc   0x00008e4a        0x0 /usr/lib/gcc/avr/4.8.1/avrxmega6/libgcc.a(_copy_data.o)
 .text.libgcc.prologue
                0x00008e4a        0x0 /usr/lib/gcc/avr/4.8.1/avrxmega6/libgcc.a(_copy_data.o)
 .text.libgcc.builtins
                0x00008e4a        0x0 /usr/lib/gcc/avr/4.8.1/avrxmega6/libgcc.a(_copy_data.o)
 .text.libgcc.fmul
                0x00008e4a        0x0 /usr/lib/gcc/avr/4.8.1/avrxmega6/libgcc.a(_copy_data.o)
 .text.libgcc.fixed
                0x00008e4a        0x0 /usr/lib/gcc/avr/4.8.1/avrxmega6/libgcc.a(_copy_data.o)
 .text.libgcc.mul
                0x00008e4a        0x0 /usr/lib/gcc/avr/4.8.1/avrxmega6/libgcc.a(_clear_bss.o)
 .text.libgcc.div
                0x00008e4a        0x0 /usr/lib/gcc/avr/4.8.1/avrxmega6/libgcc.a(_clear_bss.o)
 .text.libgcc   0x00008e4a        0x0 /usr/lib/gcc/avr/4.8.1/avrxmega6/libgcc.a(_clear_bss.o)
 .text.libgcc.prologue
                0x00008e4a        0x0 /usr/lib/gcc/avr/4.8.1/avrxmega6/libgcc.a(_clear_bss.o)
 .text.libgcc.builtins
                0x00008e4a        0x0 /usr/lib/gcc/avr/4.8.1/avrxmega6/libgcc.a(_clear_bss.o)
 .text.libgcc.fmul
                0x00008e4a        0x0 /usr/lib/gcc/avr/4.8.1/avrxmega6/libgcc.a(_clear_bss.o)
 .text.libgcc.fixed
                0x00008e4a        0x0 /usr/lib/gcc/avr/4.8.1/avrxmega6/libgcc.a(_clear_bss.o)
                0x00008e4a                . = ALIGN (0x2)
 *(.fini9)
 .fini9         0x00008e4a        0x0 /usr/lib/gcc/avr/4.8.1/avrxmega6/libgcc.a(_exit.o)
                0x00008e4a                exit
                0x00008e4a                _exit
 *(.fini9)
 *(.fini8)
 *(.fini8)
 *(.fini7)
 *(.fini7)
 *(.fini6)
 *(.fini6)
 *(.fini5)
 *(.fini5)
 *(.fini4)
 *(.fini4)
 *(.fini3)
 *(.fini3)
 *(.fini2)
 *(.fini2)
 *(.fini1)
 *(.fini1)
 *(.fini0)
 .fini0         0x00008e4a        0x4 /usr/lib/gcc/avr/4.8.1/avrxmega6/libgcc.a(_exit.o)
 *(.fini0)
                0x00008e4e                _etext = .

.data           0x00802000       0x20 load address 0x00008e4e
                0x00802000                PROVIDE (__data_start, .)
 *(.data)
 .data          0x00802000        0x0 /usr/lib/gcc/avr/4.8.1/../../../avr/lib/avrxmega6/crtx128d3.o
 .data          0x00802000       0x20 objdir/simpleserial-lea.o
                0x00802000                tmp
                0x00802010                hex_lookup
 .data          0x00802020        0x0 objdir/lea-independant.o
 .data          0x00802020        0x0 objdir/LEA_driver.o
 .data          0x00802020        0x0 objdir/uart.o
 .data          0x00802020        0x0 objdir/usart_driver.o
 .data          0x00802020        0x0 objdir/xmega_hal.o
 .data          0x00802020        0x0 objdir/lea_enc.o
 .data          0x00802020        0x0 objdir/lea_keyschedule.o
 .data          0x00802020        0x0 objdir/lea128_enc.o
 .data          0x00802020        0x0 /usr/lib/gcc/avr/4.8.1/avrxmega6/libgcc.a(_exit.o)
 .data          0x00802020        0x0 /usr/lib/gcc/avr/4.8.1/avrxmega6/libgcc.a(_copy_data.o)
 .data          0x00802020        0x0 /usr/lib/gcc/avr/4.8.1/avrxmega6/libgcc.a(_clear_bss.o)
 *(.data*)
 *(.rodata)
 *(.rodata*)
 *(.gnu.linkonce.d*)
                0x00802020                . = ALIGN (0x2)
                0x00802020                _edata = .
                0x00802020                PROVIDE (__data_end, .)

.bss            0x00802020      0x391
                0x00802020                PROVIDE (__bss_start, .)
 *(.bss)
 .bss           0x00802020        0x0 /usr/lib/gcc/avr/4.8.1/../../../avr/lib/avrxmega6/crtx128d3.o
 .bss           0x00802020        0x0 objdir/simpleserial-lea.o
 .bss           0x00802020        0x0 objdir/lea-independant.o
 .bss           0x00802020        0x0 objdir/LEA_driver.o
 .bss           0x00802020        0x0 objdir/uart.o
 .bss           0x00802020        0x0 objdir/usart_driver.o
 .bss           0x00802020        0x0 objdir/xmega_hal.o
 .bss           0x00802020        0x0 objdir/lea_enc.o
 .bss           0x00802020        0x0 objdir/lea_keyschedule.o
 .bss           0x00802020        0x0 objdir/lea128_enc.o
 .bss           0x00802020        0x0 /usr/lib/gcc/avr/4.8.1/avrxmega6/libgcc.a(_exit.o)
 .bss           0x00802020        0x0 /usr/lib/gcc/avr/4.8.1/avrxmega6/libgcc.a(_copy_data.o)
 .bss           0x00802020        0x0 /usr/lib/gcc/avr/4.8.1/avrxmega6/libgcc.a(_clear_bss.o)
 *(.bss*)
 *(COMMON)
 COMMON         0x00802020       0x90 objdir/simpleserial-lea.o
                0x00802020                asciibuf
                0x00802060                pt
                0x00802070                memory
 COMMON         0x008020b0      0x301 objdir/lea-independant.o
                0x008020b0                ctx
                0x008023b1                PROVIDE (__bss_end, .)
                0x00008e4e                __data_load_start = LOADADDR (.data)
                0x00008e6e                __data_load_end = (__data_load_start + SIZEOF (.data))

.noinit         0x008023b1        0x0
                0x008023b1                PROVIDE (__noinit_start, .)
 *(.noinit*)
                0x008023b1                PROVIDE (__noinit_end, .)
                0x008023b1                _end = .
                0x008023b1                PROVIDE (__heap_start, .)

.eeprom         0x00810000        0x0
 *(.eeprom*)
                0x00810000                __eeprom_end = .

.fuse
 *(.fuse)
 *(.lfuse)
 *(.hfuse)
 *(.efuse)

.lock
 *(.lock*)

.signature
 *(.signature*)

.user_signatures
 *(.user_signatures*)

.stab
 *(.stab)

.stabstr
 *(.stabstr)

.stab.excl
 *(.stab.excl)

.stab.exclstr
 *(.stab.exclstr)

.stab.index
 *(.stab.index)

.stab.indexstr
 *(.stab.indexstr)

.comment        0x00000000       0x11
 *(.comment)
 .comment       0x00000000       0x11 objdir/simpleserial-lea.o
                                 0x12 (size before relaxing)
 .comment       0x00000000       0x12 objdir/lea-independant.o
 .comment       0x00000000       0x12 objdir/LEA_driver.o
 .comment       0x00000000       0x12 objdir/uart.o
 .comment       0x00000000       0x12 objdir/usart_driver.o
 .comment       0x00000000       0x12 objdir/xmega_hal.o
 .comment       0x00000000       0x12 objdir/lea_enc.o
 .comment       0x00000000       0x12 objdir/lea_keyschedule.o
 .comment       0x00000000       0x12 objdir/lea128_enc.o

.note.gnu.build-id
 *(.note.gnu.build-id)

.debug
 *(.debug)

.line
 *(.line)

.debug_srcinfo
 *(.debug_srcinfo)

.debug_sfnames
 *(.debug_sfnames)

.debug_aranges  0x00000000      0x108
 *(.debug_aranges)
 .debug_aranges
                0x00000000       0x28 objdir/simpleserial-lea.o
 .debug_aranges
                0x00000028       0x20 objdir/lea-independant.o
 .debug_aranges
                0x00000048       0x20 objdir/uart.o
 .debug_aranges
                0x00000068       0x20 objdir/usart_driver.o
 .debug_aranges
                0x00000088       0x20 objdir/xmega_hal.o
 .debug_aranges
                0x000000a8       0x20 objdir/lea_enc.o
 .debug_aranges
                0x000000c8       0x20 objdir/lea_keyschedule.o
 .debug_aranges
                0x000000e8       0x20 objdir/lea128_enc.o

.debug_pubnames
 *(.debug_pubnames)

.debug_info     0x00000000     0x1a1b
 *(.debug_info .gnu.linkonce.wi.*)
 .debug_info    0x00000000      0x5d4 objdir/simpleserial-lea.o
 .debug_info    0x000005d4      0x1c5 objdir/lea-independant.o
 .debug_info    0x00000799      0x394 objdir/uart.o
 .debug_info    0x00000b2d      0x582 objdir/usart_driver.o
 .debug_info    0x000010af      0x330 objdir/xmega_hal.o
 .debug_info    0x000013df      0x209 objdir/lea_enc.o
 .debug_info    0x000015e8      0x2b5 objdir/lea_keyschedule.o
 .debug_info    0x0000189d      0x17e objdir/lea128_enc.o

.debug_abbrev   0x00000000      0xa6a
 *(.debug_abbrev)
 .debug_abbrev  0x00000000      0x1fa objdir/simpleserial-lea.o
 .debug_abbrev  0x000001fa      0x10c objdir/lea-independant.o
 .debug_abbrev  0x00000306      0x12c objdir/uart.o
 .debug_abbrev  0x00000432      0x21b objdir/usart_driver.o
 .debug_abbrev  0x0000064d       0xc6 objdir/xmega_hal.o
 .debug_abbrev  0x00000713      0x134 objdir/lea_enc.o
 .debug_abbrev  0x00000847      0x11d objdir/lea_keyschedule.o
 .debug_abbrev  0x00000964      0x106 objdir/lea128_enc.o

.debug_line     0x00000000      0xabc
 *(.debug_line .debug_line.* .debug_line_end)
 .debug_line    0x00000000      0x15e objdir/simpleserial-lea.o
 .debug_line    0x0000015e       0xbd objdir/lea-independant.o
 .debug_line    0x0000021b        0x0 objdir/LEA_driver.o
 .debug_line    0x0000021b       0xac objdir/uart.o
 .debug_line    0x000002c7       0xf5 objdir/usart_driver.o
 .debug_line    0x000003bc       0x9a objdir/xmega_hal.o
 .debug_line    0x00000456      0x170 objdir/lea_enc.o
 .debug_line    0x000005c6      0x463 objdir/lea_keyschedule.o
 .debug_line    0x00000a29       0x93 objdir/lea128_enc.o

.debug_frame    0x00000000      0x364
 *(.debug_frame)
 .debug_frame   0x00000000       0x64 objdir/simpleserial-lea.o
 .debug_frame   0x00000064       0x44 objdir/lea-independant.o
 .debug_frame   0x000000a8       0x68 objdir/uart.o
 .debug_frame   0x00000110       0xe0 objdir/usart_driver.o
 .debug_frame   0x000001f0       0x24 objdir/xmega_hal.o
 .debug_frame   0x00000214       0x90 objdir/lea_enc.o
 .debug_frame   0x000002a4       0x9c objdir/lea_keyschedule.o
 .debug_frame   0x00000340       0x24 objdir/lea128_enc.o

.debug_str      0x00000000      0x878
 *(.debug_str)
 .debug_str     0x00000000      0x28a objdir/simpleserial-lea.o
                                0x2c3 (size before relaxing)
 .debug_str     0x0000028a       0x4f objdir/lea-independant.o
                                0x1b7 (size before relaxing)
 .debug_str     0x000002d9        0x0 objdir/LEA_driver.o
 .debug_str     0x000002d9      0x155 objdir/uart.o
                                0x3a2 (size before relaxing)
 .debug_str     0x0000042e      0x25b objdir/usart_driver.o
                                0x439 (size before relaxing)
 .debug_str     0x00000689      0x112 objdir/xmega_hal.o
                                0x341 (size before relaxing)
 .debug_str     0x0000079b       0x58 objdir/lea_enc.o
                                0x1b7 (size before relaxing)
 .debug_str     0x000007f3       0x5c objdir/lea_keyschedule.o
                                0x1c1 (size before relaxing)
 .debug_str     0x0000084f       0x29 objdir/lea128_enc.o
                                0x1b8 (size before relaxing)

.debug_loc      0x00000000     0x1457
 *(.debug_loc)
 .debug_loc     0x00000000      0x285 objdir/simpleserial-lea.o
 .debug_loc     0x00000285       0x5c objdir/lea-independant.o
 .debug_loc     0x000002e1       0xc2 objdir/uart.o
 .debug_loc     0x000003a3      0x3be objdir/usart_driver.o
 .debug_loc     0x00000761      0x96d objdir/lea_enc.o
 .debug_loc     0x000010ce      0x33d objdir/lea_keyschedule.o
 .debug_loc     0x0000140b       0x4c objdir/lea128_enc.o

.debug_macinfo
 *(.debug_macinfo)

.debug_weaknames
 *(.debug_weaknames)

.debug_funcnames
 *(.debug_funcnames)

.debug_typenames
 *(.debug_typenames)

.debug_varnames
 *(.debug_varnames)

.debug_pubtypes
 *(.debug_pubtypes)

.debug_ranges   0x00000000       0x18
 *(.debug_ranges)
 .debug_ranges  0x00000000       0x18 objdir/simpleserial-lea.o

.debug_macro
 *(.debug_macro)
OUTPUT(simpleserial-lea.elf elf32-avr)
LOAD linker stubs

Cross Reference Table

Symbol                                            File
USART_DataRegEmpty                                objdir/usart_driver.o
USART_InterruptDriver_DreInterruptLevel_Set       objdir/usart_driver.o
USART_InterruptDriver_Initialize                  objdir/usart_driver.o
USART_NineBits_GetChar                            objdir/usart_driver.o
USART_NineBits_PutChar                            objdir/usart_driver.o
USART_RXBufferData_Available                      objdir/usart_driver.o
USART_RXBuffer_GetByte                            objdir/usart_driver.o
USART_RXComplete                                  objdir/usart_driver.o
USART_TXBuffer_FreeSpace                          objdir/usart_driver.o
USART_TXBuffer_PutByte                            objdir/usart_driver.o
__bad_interrupt                                   /usr/lib/gcc/avr/4.8.1/../../../avr/lib/avrxmega6/crtx128d3.o
__bss_end                                         /usr/lib/gcc/avr/4.8.1/avrxmega6/libgcc.a(_clear_bss.o)
__bss_start                                       /usr/lib/gcc/avr/4.8.1/avrxmega6/libgcc.a(_clear_bss.o)
__data_end                                        /usr/lib/gcc/avr/4.8.1/avrxmega6/libgcc.a(_copy_data.o)
__data_load_start                                 /usr/lib/gcc/avr/4.8.1/avrxmega6/libgcc.a(_copy_data.o)
__data_start                                      /usr/lib/gcc/avr/4.8.1/avrxmega6/libgcc.a(_copy_data.o)
__do_clear_bss                                    /usr/lib/gcc/avr/4.8.1/avrxmega6/libgcc.a(_clear_bss.o)
                                                  objdir/lea-independant.o
                                                  objdir/simpleserial-lea.o
__do_copy_data                                    /usr/lib/gcc/avr/4.8.1/avrxmega6/libgcc.a(_copy_data.o)
                                                  objdir/simpleserial-lea.o
__heap_end                                        /usr/lib/gcc/avr/4.8.1/../../../avr/lib/avrxmega6/crtx128d3.o
__init                                            /usr/lib/gcc/avr/4.8.1/../../../avr/lib/avrxmega6/crtx128d3.o
__stack                                           /usr/lib/gcc/avr/4.8.1/../../../avr/lib/avrxmega6/crtx128d3.o
__vector_1                                        /usr/lib/gcc/avr/4.8.1/../../../avr/lib/avrxmega6/crtx128d3.o
__vector_10                                       /usr/lib/gcc/avr/4.8.1/../../../avr/lib/avrxmega6/crtx128d3.o
__vector_100                                      /usr/lib/gcc/avr/4.8.1/../../../avr/lib/avrxmega6/crtx128d3.o
__vector_101                                      /usr/lib/gcc/avr/4.8.1/../../../avr/lib/avrxmega6/crtx128d3.o
__vector_102                                      /usr/lib/gcc/avr/4.8.1/../../../avr/lib/avrxmega6/crtx128d3.o
__vector_103                                      /usr/lib/gcc/avr/4.8.1/../../../avr/lib/avrxmega6/crtx128d3.o
__vector_104                                      /usr/lib/gcc/avr/4.8.1/../../../avr/lib/avrxmega6/crtx128d3.o
__vector_105                                      /usr/lib/gcc/avr/4.8.1/../../../avr/lib/avrxmega6/crtx128d3.o
__vector_106                                      /usr/lib/gcc/avr/4.8.1/../../../avr/lib/avrxmega6/crtx128d3.o
__vector_107                                      /usr/lib/gcc/avr/4.8.1/../../../avr/lib/avrxmega6/crtx128d3.o
__vector_108                                      /usr/lib/gcc/avr/4.8.1/../../../avr/lib/avrxmega6/crtx128d3.o
__vector_109                                      /usr/lib/gcc/avr/4.8.1/../../../avr/lib/avrxmega6/crtx128d3.o
__vector_11                                       /usr/lib/gcc/avr/4.8.1/../../../avr/lib/avrxmega6/crtx128d3.o
__vector_110                                      /usr/lib/gcc/avr/4.8.1/../../../avr/lib/avrxmega6/crtx128d3.o
__vector_111                                      /usr/lib/gcc/avr/4.8.1/../../../avr/lib/avrxmega6/crtx128d3.o
__vector_112                                      /usr/lib/gcc/avr/4.8.1/../../../avr/lib/avrxmega6/crtx128d3.o
__vector_113                                      /usr/lib/gcc/avr/4.8.1/../../../avr/lib/avrxmega6/crtx128d3.o
__vector_12                                       /usr/lib/gcc/avr/4.8.1/../../../avr/lib/avrxmega6/crtx128d3.o
__vector_13                                       /usr/lib/gcc/avr/4.8.1/../../../avr/lib/avrxmega6/crtx128d3.o
__vector_14                                       /usr/lib/gcc/avr/4.8.1/../../../avr/lib/avrxmega6/crtx128d3.o
__vector_15                                       /usr/lib/gcc/avr/4.8.1/../../../avr/lib/avrxmega6/crtx128d3.o
__vector_16                                       /usr/lib/gcc/avr/4.8.1/../../../avr/lib/avrxmega6/crtx128d3.o
__vector_17                                       /usr/lib/gcc/avr/4.8.1/../../../avr/lib/avrxmega6/crtx128d3.o
__vector_18                                       /usr/lib/gcc/avr/4.8.1/../../../avr/lib/avrxmega6/crtx128d3.o
__vector_19                                       /usr/lib/gcc/avr/4.8.1/../../../avr/lib/avrxmega6/crtx128d3.o
__vector_2                                        /usr/lib/gcc/avr/4.8.1/../../../avr/lib/avrxmega6/crtx128d3.o
__vector_20                                       /usr/lib/gcc/avr/4.8.1/../../../avr/lib/avrxmega6/crtx128d3.o
__vector_21                                       /usr/lib/gcc/avr/4.8.1/../../../avr/lib/avrxmega6/crtx128d3.o
__vector_22                                       /usr/lib/gcc/avr/4.8.1/../../../avr/lib/avrxmega6/crtx128d3.o
__vector_23                                       /usr/lib/gcc/avr/4.8.1/../../../avr/lib/avrxmega6/crtx128d3.o
__vector_24                                       /usr/lib/gcc/avr/4.8.1/../../../avr/lib/avrxmega6/crtx128d3.o
__vector_25                                       /usr/lib/gcc/avr/4.8.1/../../../avr/lib/avrxmega6/crtx128d3.o
__vector_26                                       /usr/lib/gcc/avr/4.8.1/../../../avr/lib/avrxmega6/crtx128d3.o
__vector_27                                       /usr/lib/gcc/avr/4.8.1/../../../avr/lib/avrxmega6/crtx128d3.o
__vector_28                                       /usr/lib/gcc/avr/4.8.1/../../../avr/lib/avrxmega6/crtx128d3.o
__vector_29                                       /usr/lib/gcc/avr/4.8.1/../../../avr/lib/avrxmega6/crtx128d3.o
__vector_3                                        /usr/lib/gcc/avr/4.8.1/../../../avr/lib/avrxmega6/crtx128d3.o
__vector_30                                       /usr/lib/gcc/avr/4.8.1/../../../avr/lib/avrxmega6/crtx128d3.o
__vector_31                                       /usr/lib/gcc/avr/4.8.1/../../../avr/lib/avrxmega6/crtx128d3.o
__vector_32                                       /usr/lib/gcc/avr/4.8.1/../../../avr/lib/avrxmega6/crtx128d3.o
__vector_33                                       /usr/lib/gcc/avr/4.8.1/../../../avr/lib/avrxmega6/crtx128d3.o
__vector_34                                       /usr/lib/gcc/avr/4.8.1/../../../avr/lib/avrxmega6/crtx128d3.o
__vector_35                                       /usr/lib/gcc/avr/4.8.1/../../../avr/lib/avrxmega6/crtx128d3.o
__vector_36                                       /usr/lib/gcc/avr/4.8.1/../../../avr/lib/avrxmega6/crtx128d3.o
__vector_37                                       /usr/lib/gcc/avr/4.8.1/../../../avr/lib/avrxmega6/crtx128d3.o
__vector_38                                       /usr/lib/gcc/avr/4.8.1/../../../avr/lib/avrxmega6/crtx128d3.o
__vector_39                                       /usr/lib/gcc/avr/4.8.1/../../../avr/lib/avrxmega6/crtx128d3.o
__vector_4                                        /usr/lib/gcc/avr/4.8.1/../../../avr/lib/avrxmega6/crtx128d3.o
__vector_40                                       /usr/lib/gcc/avr/4.8.1/../../../avr/lib/avrxmega6/crtx128d3.o
__vector_41                                       /usr/lib/gcc/avr/4.8.1/../../../avr/lib/avrxmega6/crtx128d3.o
__vector_42                                       /usr/lib/gcc/avr/4.8.1/../../../avr/lib/avrxmega6/crtx128d3.o
__vector_43                                       /usr/lib/gcc/avr/4.8.1/../../../avr/lib/avrxmega6/crtx128d3.o
__vector_44                                       /usr/lib/gcc/avr/4.8.1/../../../avr/lib/avrxmega6/crtx128d3.o
__vector_45                                       /usr/lib/gcc/avr/4.8.1/../../../avr/lib/avrxmega6/crtx128d3.o
__vector_46                                       /usr/lib/gcc/avr/4.8.1/../../../avr/lib/avrxmega6/crtx128d3.o
__vector_47                                       /usr/lib/gcc/avr/4.8.1/../../../avr/lib/avrxmega6/crtx128d3.o
__vector_48                                       /usr/lib/gcc/avr/4.8.1/../../../avr/lib/avrxmega6/crtx128d3.o
__vector_49                                       /usr/lib/gcc/avr/4.8.1/../../../avr/lib/avrxmega6/crtx128d3.o
__vector_5                                        /usr/lib/gcc/avr/4.8.1/../../../avr/lib/avrxmega6/crtx128d3.o
__vector_50                                       /usr/lib/gcc/avr/4.8.1/../../../avr/lib/avrxmega6/crtx128d3.o
__vector_51                                       /usr/lib/gcc/avr/4.8.1/../../../avr/lib/avrxmega6/crtx128d3.o
__vector_52                                       /usr/lib/gcc/avr/4.8.1/../../../avr/lib/avrxmega6/crtx128d3.o
__vector_53                                       /usr/lib/gcc/avr/4.8.1/../../../avr/lib/avrxmega6/crtx128d3.o
__vector_54                                       /usr/lib/gcc/avr/4.8.1/../../../avr/lib/avrxmega6/crtx128d3.o
__vector_55                                       /usr/lib/gcc/avr/4.8.1/../../../avr/lib/avrxmega6/crtx128d3.o
__vector_56                                       /usr/lib/gcc/avr/4.8.1/../../../avr/lib/avrxmega6/crtx128d3.o
__vector_57                                       /usr/lib/gcc/avr/4.8.1/../../../avr/lib/avrxmega6/crtx128d3.o
__vector_58                                       /usr/lib/gcc/avr/4.8.1/../../../avr/lib/avrxmega6/crtx128d3.o
__vector_59                                       /usr/lib/gcc/avr/4.8.1/../../../avr/lib/avrxmega6/crtx128d3.o
__vector_6                                        /usr/lib/gcc/avr/4.8.1/../../../avr/lib/avrxmega6/crtx128d3.o
__vector_60                                       /usr/lib/gcc/avr/4.8.1/../../../avr/lib/avrxmega6/crtx128d3.o
__vector_61                                       /usr/lib/gcc/avr/4.8.1/../../../avr/lib/avrxmega6/crtx128d3.o
__vector_62                                       /usr/lib/gcc/avr/4.8.1/../../../avr/lib/avrxmega6/crtx128d3.o
__vector_63                                       /usr/lib/gcc/avr/4.8.1/../../../avr/lib/avrxmega6/crtx128d3.o
__vector_64                                       /usr/lib/gcc/avr/4.8.1/../../../avr/lib/avrxmega6/crtx128d3.o
__vector_65                                       /usr/lib/gcc/avr/4.8.1/../../../avr/lib/avrxmega6/crtx128d3.o
__vector_66                                       /usr/lib/gcc/avr/4.8.1/../../../avr/lib/avrxmega6/crtx128d3.o
__vector_67                                       /usr/lib/gcc/avr/4.8.1/../../../avr/lib/avrxmega6/crtx128d3.o
__vector_68                                       /usr/lib/gcc/avr/4.8.1/../../../avr/lib/avrxmega6/crtx128d3.o
__vector_69                                       /usr/lib/gcc/avr/4.8.1/../../../avr/lib/avrxmega6/crtx128d3.o
__vector_7                                        /usr/lib/gcc/avr/4.8.1/../../../avr/lib/avrxmega6/crtx128d3.o
__vector_70                                       /usr/lib/gcc/avr/4.8.1/../../../avr/lib/avrxmega6/crtx128d3.o
__vector_71                                       /usr/lib/gcc/avr/4.8.1/../../../avr/lib/avrxmega6/crtx128d3.o
__vector_72                                       /usr/lib/gcc/avr/4.8.1/../../../avr/lib/avrxmega6/crtx128d3.o
__vector_73                                       /usr/lib/gcc/avr/4.8.1/../../../avr/lib/avrxmega6/crtx128d3.o
__vector_74                                       /usr/lib/gcc/avr/4.8.1/../../../avr/lib/avrxmega6/crtx128d3.o
__vector_75                                       /usr/lib/gcc/avr/4.8.1/../../../avr/lib/avrxmega6/crtx128d3.o
__vector_76                                       /usr/lib/gcc/avr/4.8.1/../../../avr/lib/avrxmega6/crtx128d3.o
__vector_77                                       /usr/lib/gcc/avr/4.8.1/../../../avr/lib/avrxmega6/crtx128d3.o
__vector_78                                       /usr/lib/gcc/avr/4.8.1/../../../avr/lib/avrxmega6/crtx128d3.o
__vector_79                                       /usr/lib/gcc/avr/4.8.1/../../../avr/lib/avrxmega6/crtx128d3.o
__vector_8                                        /usr/lib/gcc/avr/4.8.1/../../../avr/lib/avrxmega6/crtx128d3.o
__vector_80                                       /usr/lib/gcc/avr/4.8.1/../../../avr/lib/avrxmega6/crtx128d3.o
__vector_81                                       /usr/lib/gcc/avr/4.8.1/../../../avr/lib/avrxmega6/crtx128d3.o
__vector_82                                       /usr/lib/gcc/avr/4.8.1/../../../avr/lib/avrxmega6/crtx128d3.o
__vector_83                                       /usr/lib/gcc/avr/4.8.1/../../../avr/lib/avrxmega6/crtx128d3.o
__vector_84                                       /usr/lib/gcc/avr/4.8.1/../../../avr/lib/avrxmega6/crtx128d3.o
__vector_85                                       /usr/lib/gcc/avr/4.8.1/../../../avr/lib/avrxmega6/crtx128d3.o
__vector_86                                       /usr/lib/gcc/avr/4.8.1/../../../avr/lib/avrxmega6/crtx128d3.o
__vector_87                                       /usr/lib/gcc/avr/4.8.1/../../../avr/lib/avrxmega6/crtx128d3.o
__vector_88                                       /usr/lib/gcc/avr/4.8.1/../../../avr/lib/avrxmega6/crtx128d3.o
__vector_89                                       /usr/lib/gcc/avr/4.8.1/../../../avr/lib/avrxmega6/crtx128d3.o
__vector_9                                        /usr/lib/gcc/avr/4.8.1/../../../avr/lib/avrxmega6/crtx128d3.o
__vector_90                                       /usr/lib/gcc/avr/4.8.1/../../../avr/lib/avrxmega6/crtx128d3.o
__vector_91                                       /usr/lib/gcc/avr/4.8.1/../../../avr/lib/avrxmega6/crtx128d3.o
__vector_92                                       /usr/lib/gcc/avr/4.8.1/../../../avr/lib/avrxmega6/crtx128d3.o
__vector_93                                       /usr/lib/gcc/avr/4.8.1/../../../avr/lib/avrxmega6/crtx128d3.o
__vector_94                                       /usr/lib/gcc/avr/4.8.1/../../../avr/lib/avrxmega6/crtx128d3.o
__vector_95                                       /usr/lib/gcc/avr/4.8.1/../../../avr/lib/avrxmega6/crtx128d3.o
__vector_96                                       /usr/lib/gcc/avr/4.8.1/../../../avr/lib/avrxmega6/crtx128d3.o
__vector_97                                       /usr/lib/gcc/avr/4.8.1/../../../avr/lib/avrxmega6/crtx128d3.o
__vector_98                                       /usr/lib/gcc/avr/4.8.1/../../../avr/lib/avrxmega6/crtx128d3.o
__vector_99                                       /usr/lib/gcc/avr/4.8.1/../../../avr/lib/avrxmega6/crtx128d3.o
__vector_default                                  /usr/lib/gcc/avr/4.8.1/../../../avr/lib/avrxmega6/crtx128d3.o
__vectors                                         /usr/lib/gcc/avr/4.8.1/../../../avr/lib/avrxmega6/crtx128d3.o
_exit                                             /usr/lib/gcc/avr/4.8.1/avrxmega6/libgcc.a(_exit.o)
asciibuf                                          objdir/simpleserial-lea.o
ctx                                               objdir/lea-independant.o
exit                                              /usr/lib/gcc/avr/4.8.1/avrxmega6/libgcc.a(_exit.o)
                                                  /usr/lib/gcc/avr/4.8.1/../../../avr/lib/avrxmega6/crtx128d3.o
hex_decode                                        objdir/simpleserial-lea.o
hex_lookup                                        objdir/simpleserial-lea.o
hex_print                                         objdir/simpleserial-lea.o
init_uart0                                        objdir/uart.o
                                                  objdir/simpleserial-lea.o
input_ch_0                                        objdir/uart.o
                                                  objdir/simpleserial-lea.o
input_ch_w_timeout_0                              objdir/uart.o
lea128_enc                                        objdir/lea128_enc.o
                                                  objdir/lea-independant.o
lea128_init                                       objdir/lea_keyschedule.o
                                                  objdir/lea-independant.o
lea192_init                                       objdir/lea_keyschedule.o
lea256_init                                       objdir/lea_keyschedule.o
lea_encrypt_core                                  objdir/lea_enc.o
                                                  objdir/lea128_enc.o
lea_indep_enc                                     objdir/lea-independant.o
                                                  objdir/simpleserial-lea.o
lea_indep_init                                    objdir/lea-independant.o
                                                  objdir/simpleserial-lea.o
lea_indep_key                                     objdir/lea-independant.o
                                                  objdir/simpleserial-lea.o
lea_init                                          objdir/lea_keyschedule.o
main                                              objdir/simpleserial-lea.o
                                                  /usr/lib/gcc/avr/4.8.1/../../../avr/lib/avrxmega6/crtx128d3.o
memory                                            objdir/simpleserial-lea.o
output_ch_0                                       objdir/uart.o
                                                  objdir/simpleserial-lea.o
platform_init                                     objdir/xmega_hal.o
                                                  objdir/simpleserial-lea.o
pt                                                objdir/simpleserial-lea.o
tmp                                               objdir/simpleserial-lea.o
